// Jest Snapshot v1, https://goo.gl/fbAQLP

exports[`App should match the snapshot with all data passed in 1`] = `
<div>
  <header>
    <h2>
      Question 
      1
       of 
      0
      <span
        id="difficulty-text"
      >
        Difficulty: 
        2
      </span>
    </h2>
    <h1>
      [ jsProtoFunTime ]
    </h1>
    <button
      id="instructions-button"
      onClick={[Function]}
    >
      Show Instructions
    </button>
  </header>
  <div
    className="game-container"
  >
    <Step1
      currentStep={1}
      incrementStep={[Function]}
      question="You are given the following array of numbers: [1, 3, 5, 6, 7, 9].

You are only interested in numbers that are divisible by 3. Return a new array or numbers that contains only the numbers divisible by 3."
    />
  </div>
</div>
`;
